// Jest Snapshot v1, https://goo.gl/fbAQLP

exports[`Login component renders correctly 1`] = `
<View
  style={
    {
      "alignItems": "center",
      "backgroundColor": "white",
      "flex": 1,
      "justifyContent": "center",
      "width": "100%",
    }
  }
>
  <Image
    resizeMode="contain"
    source={
      {
        "testUri": "../../../assets/Images/LoginBackground.png",
      }
    }
    style={
      {
        "height": "40%",
        "width": "100%",
      }
    }
  />
  <RCTScrollView
    style={
      {
        "width": "80%",
      }
    }
  >
    <View>
      <TextInput
        keyboardType="email-address"
        onChange={[Function]}
        placeholder="E-mail Address"
        style={
          {
            "alignItems": "center",
            "backgroundColor": "white",
            "borderColor": "#00716F",
            "borderRadius": 12,
            "borderWidth": 2,
            "color": "#FF9720",
            "fontSize": 16,
            "marginHorizontal": 24,
            "marginTop": 10,
            "marginVertical": 4,
            "paddingHorizontal": 16,
            "paddingVertical": 10,
            "textAlign": "center",
          }
        }
        value=""
      />
      <TextInput
        onChange={[Function]}
        placeholder="Password"
        secureTextEntry={true}
        style={
          {
            "alignItems": "center",
            "backgroundColor": "white",
            "borderColor": "#00716F",
            "borderRadius": 12,
            "borderWidth": 2,
            "color": "#FF9720",
            "fontSize": 16,
            "marginHorizontal": 24,
            "marginTop": 10,
            "marginVertical": 4,
            "paddingHorizontal": 16,
            "paddingVertical": 10,
            "textAlign": "center",
          }
        }
        value=""
      />
      <View
        accessible={true}
        collapsable={false}
        focusable={true}
        onClick={[Function]}
        onResponderGrant={[Function]}
        onResponderMove={[Function]}
        onResponderRelease={[Function]}
        onResponderTerminate={[Function]}
        onResponderTerminationRequest={[Function]}
        onStartShouldSetResponder={[Function]}
        style={
          {
            "alignItems": "center",
            "backgroundColor": "#FF9720",
            "borderRadius": 23,
            "justifyContent": "center",
            "marginHorizontal": 16,
            "marginVertical": 20,
            "opacity": 1,
            "paddingHorizontal": 4,
            "paddingVertical": 10,
          }
        }
      >
        <Text
          style={
            {
              "color": "white",
              "fontSize": 16,
            }
          }
        >
          Login
        </Text>
      </View>
    </View>
  </RCTScrollView>
</View>
`;
